
> fusion-starter@ typecheck C:\Users\alexc\Downloads\Score\score outfit engine
> tsc

